// Jest Snapshot v1, https://goo.gl/fbAQLP

exports[`Test Calculator component matches snapshot 1`] = `
<div
  className="Calculator-box w-75"
>
  <div
    className="Display d-flex align-items-center justify-content-end p-2 h2 m-0"
    title="display"
  >
    0
  </div>
  <div
    className="Calculator-body"
  >
    <div
      className="raw"
    >
      <button
        className="col-3"
        onClick={[Function]}
        type="button"
      >
        AC
      </button>
      <button
        className="col-3"
        onClick={[Function]}
        type="button"
      >
        +/-
      </button>
      <button
        className="col-3"
        onClick={[Function]}
        type="button"
      >
        %
      </button>
      <button
        className="col-3"
        onClick={[Function]}
        type="button"
      >
        รท
      </button>
    </div>
    <div
      className="raw"
    >
      <button
        className="col-3"
        onClick={[Function]}
        type="button"
      >
        7
      </button>
      <button
        className="col-3"
        onClick={[Function]}
        type="button"
      >
        8
      </button>
      <button
        className="col-3"
        onClick={[Function]}
        type="button"
      >
        9
      </button>
      <button
        className="col-3"
        onClick={[Function]}
        type="button"
      >
        x
      </button>
    </div>
    <div
      className="raw"
    >
      <button
        className="col-3"
        onClick={[Function]}
        type="button"
      >
        4
      </button>
      <button
        className="col-3"
        onClick={[Function]}
        type="button"
      >
        5
      </button>
      <button
        className="col-3"
        onClick={[Function]}
        type="button"
      >
        6
      </button>
      <button
        className="col-3"
        onClick={[Function]}
        type="button"
      >
        -
      </button>
    </div>
    <div
      className="raw"
    >
      <button
        className="col-3"
        onClick={[Function]}
        type="button"
      >
        1
      </button>
      <button
        className="col-3"
        onClick={[Function]}
        type="button"
      >
        2
      </button>
      <button
        className="col-3"
        onClick={[Function]}
        type="button"
      >
        3
      </button>
      <button
        className="col-3"
        onClick={[Function]}
        type="button"
      >
        +
      </button>
    </div>
    <div
      className="raw"
    >
      <button
        className="col-6"
        onClick={[Function]}
        type="button"
      >
        0
      </button>
      <button
        className="col-3"
        onClick={[Function]}
        type="button"
      >
        .
      </button>
      <button
        className="col-3"
        onClick={[Function]}
        type="button"
      >
        =
      </button>
    </div>
  </div>
</div>
`;
